../Middlewares/ST/netxduo/addons/dhcp/nxd_dhcp_client.c:131:7:_nxe_dhcp_create	32	static
../Middlewares/ST/netxduo/addons/dhcp/nxd_dhcp_client.c:215:7:_nx_dhcp_create	80	static,ignoring_inline_asm
../Middlewares/ST/netxduo/addons/dhcp/nxd_dhcp_client.c:558:7:_nxe_dhcp_clear_broadcast_flag	24	static
../Middlewares/ST/netxduo/addons/dhcp/nxd_dhcp_client.c:635:7:_nx_dhcp_clear_broadcast_flag	24	static
../Middlewares/ST/netxduo/addons/dhcp/nxd_dhcp_client.c:708:7:_nxe_dhcp_interface_clear_broadcast_flag	32	static
../Middlewares/ST/netxduo/addons/dhcp/nxd_dhcp_client.c:791:7:_nx_dhcp_interface_clear_broadcast_flag	32	static
../Middlewares/ST/netxduo/addons/dhcp/nxd_dhcp_client.c:866:7:_nxe_dhcp_packet_pool_set	16	static
../Middlewares/ST/netxduo/addons/dhcp/nxd_dhcp_client.c:946:7:_nx_dhcp_packet_pool_set	16	static
../Middlewares/ST/netxduo/addons/dhcp/nxd_dhcp_client.c:1014:6:_nxe_dhcp_reinitialize	24	static
../Middlewares/ST/netxduo/addons/dhcp/nxd_dhcp_client.c:1079:6:_nx_dhcp_reinitialize	24	static
../Middlewares/ST/netxduo/addons/dhcp/nxd_dhcp_client.c:1146:6:_nxe_dhcp_interface_reinitialize	24	static,ignoring_inline_asm
../Middlewares/ST/netxduo/addons/dhcp/nxd_dhcp_client.c:1224:6:_nx_dhcp_interface_reinitialize	40	static
../Middlewares/ST/netxduo/addons/dhcp/nxd_dhcp_client.c:1362:7:_nxe_dhcp_request_client_ip	32	static
../Middlewares/ST/netxduo/addons/dhcp/nxd_dhcp_client.c:1443:7:_nx_dhcp_request_client_ip	32	static
../Middlewares/ST/netxduo/addons/dhcp/nxd_dhcp_client.c:1520:7:_nxe_dhcp_interface_request_client_ip	32	static
../Middlewares/ST/netxduo/addons/dhcp/nxd_dhcp_client.c:1589:7:_nx_dhcp_interface_request_client_ip	32	static
../Middlewares/ST/netxduo/addons/dhcp/nxd_dhcp_client.c:1664:7:_nxe_dhcp_delete	24	static,ignoring_inline_asm
../Middlewares/ST/netxduo/addons/dhcp/nxd_dhcp_client.c:1739:7:_nx_dhcp_delete	40	static,ignoring_inline_asm
../Middlewares/ST/netxduo/addons/dhcp/nxd_dhcp_client.c:1869:7:_nxe_dhcp_force_renew	24	static,ignoring_inline_asm
../Middlewares/ST/netxduo/addons/dhcp/nxd_dhcp_client.c:1934:7:_nx_dhcp_force_renew	24	static
../Middlewares/ST/netxduo/addons/dhcp/nxd_dhcp_client.c:2006:7:_nxe_dhcp_interface_force_renew	24	static
../Middlewares/ST/netxduo/addons/dhcp/nxd_dhcp_client.c:2074:7:_nx_dhcp_interface_force_renew	32	static
../Middlewares/ST/netxduo/addons/dhcp/nxd_dhcp_client.c:2185:7:_nxe_dhcp_decline	24	static,ignoring_inline_asm
../Middlewares/ST/netxduo/addons/dhcp/nxd_dhcp_client.c:2253:7:_nx_dhcp_decline	24	static
../Middlewares/ST/netxduo/addons/dhcp/nxd_dhcp_client.c:2325:6:_nxe_dhcp_interface_decline	24	static,ignoring_inline_asm
../Middlewares/ST/netxduo/addons/dhcp/nxd_dhcp_client.c:2397:6:_nx_dhcp_interface_decline	32	static
../Middlewares/ST/netxduo/addons/dhcp/nxd_dhcp_client.c:2516:7:_nxe_dhcp_release	24	static,ignoring_inline_asm
../Middlewares/ST/netxduo/addons/dhcp/nxd_dhcp_client.c:2581:6:_nx_dhcp_release	24	static
../Middlewares/ST/netxduo/addons/dhcp/nxd_dhcp_client.c:2652:6:_nxe_dhcp_interface_release	24	static,ignoring_inline_asm
../Middlewares/ST/netxduo/addons/dhcp/nxd_dhcp_client.c:2726:7:_nx_dhcp_interface_release	32	static
../Middlewares/ST/netxduo/addons/dhcp/nxd_dhcp_client.c:2871:7:_nxe_dhcp_start	24	static,ignoring_inline_asm
../Middlewares/ST/netxduo/addons/dhcp/nxd_dhcp_client.c:2941:7:_nx_dhcp_start	32	static
../Middlewares/ST/netxduo/addons/dhcp/nxd_dhcp_client.c:3037:7:_nxe_dhcp_interface_start	24	static,ignoring_inline_asm
../Middlewares/ST/netxduo/addons/dhcp/nxd_dhcp_client.c:3115:7:_nx_dhcp_interface_start	32	static
../Middlewares/ST/netxduo/addons/dhcp/nxd_dhcp_client.c:3287:7:_nxe_dhcp_interface_enable	24	static
../Middlewares/ST/netxduo/addons/dhcp/nxd_dhcp_client.c:3361:7:_nx_dhcp_interface_enable	40	static
../Middlewares/ST/netxduo/addons/dhcp/nxd_dhcp_client.c:3482:6:_nxe_dhcp_interface_disable	24	static,ignoring_inline_asm
../Middlewares/ST/netxduo/addons/dhcp/nxd_dhcp_client.c:3558:6:_nx_dhcp_interface_disable	24	static
../Middlewares/ST/netxduo/addons/dhcp/nxd_dhcp_client.c:3633:7:_nxe_dhcp_state_change_notify	24	static,ignoring_inline_asm
../Middlewares/ST/netxduo/addons/dhcp/nxd_dhcp_client.c:3698:7:_nx_dhcp_state_change_notify	16	static
../Middlewares/ST/netxduo/addons/dhcp/nxd_dhcp_client.c:3758:7:_nxe_dhcp_interface_state_change_notify	24	static
../Middlewares/ST/netxduo/addons/dhcp/nxd_dhcp_client.c:3823:7:_nx_dhcp_interface_state_change_notify	16	static
../Middlewares/ST/netxduo/addons/dhcp/nxd_dhcp_client.c:3881:7:_nxe_dhcp_stop	24	static,ignoring_inline_asm
../Middlewares/ST/netxduo/addons/dhcp/nxd_dhcp_client.c:3954:7:_nx_dhcp_stop	24	static
../Middlewares/ST/netxduo/addons/dhcp/nxd_dhcp_client.c:4035:7:_nxe_dhcp_interface_stop	24	static,ignoring_inline_asm
../Middlewares/ST/netxduo/addons/dhcp/nxd_dhcp_client.c:4112:6:_nx_dhcp_interface_stop	32	static
../Middlewares/ST/netxduo/addons/dhcp/nxd_dhcp_client.c:4261:7:_nxe_dhcp_user_option_retrieve	32	static,ignoring_inline_asm
../Middlewares/ST/netxduo/addons/dhcp/nxd_dhcp_client.c:4334:7:_nx_dhcp_user_option_retrieve	40	static
../Middlewares/ST/netxduo/addons/dhcp/nxd_dhcp_client.c:4409:7:_nxe_dhcp_user_option_request	24	static,ignoring_inline_asm
../Middlewares/ST/netxduo/addons/dhcp/nxd_dhcp_client.c:4469:7:_nx_dhcp_user_option_request	24	static
../Middlewares/ST/netxduo/addons/dhcp/nxd_dhcp_client.c:4565:7:_nxe_dhcp_interface_user_option_retrieve	40	static,ignoring_inline_asm
../Middlewares/ST/netxduo/addons/dhcp/nxd_dhcp_client.c:4648:7:_nx_dhcp_interface_user_option_retrieve	48	static
../Middlewares/ST/netxduo/addons/dhcp/nxd_dhcp_client.c:4809:8:_nxe_dhcp_user_option_convert	24	static
../Middlewares/ST/netxduo/addons/dhcp/nxd_dhcp_client.c:4868:8:_nx_dhcp_user_option_convert	24	static
../Middlewares/ST/netxduo/addons/dhcp/nxd_dhcp_client.c:4928:7:_nxe_dhcp_user_option_add_callback_set	24	static
../Middlewares/ST/netxduo/addons/dhcp/nxd_dhcp_client.c:4989:7:_nx_dhcp_user_option_add_callback_set	16	static
../Middlewares/ST/netxduo/addons/dhcp/nxd_dhcp_client.c:5051:6:_nx_dhcp_udp_receive_notify	24	static
../Middlewares/ST/netxduo/addons/dhcp/nxd_dhcp_client.c:5105:6:_nx_dhcp_timeout_entry	24	static
../Middlewares/ST/netxduo/addons/dhcp/nxd_dhcp_client.c:5169:14:_nx_dhcp_thread_entry	72	static
../Middlewares/ST/netxduo/addons/dhcp/nxd_dhcp_client.c:5345:7:_nx_dhcp_packet_process	88	static
../Middlewares/ST/netxduo/addons/dhcp/nxd_dhcp_client.c:5869:6:_nx_dhcp_timeout_process	32	static
../Middlewares/ST/netxduo/addons/dhcp/nxd_dhcp_client.c:6308:7:_nxe_dhcp_send_request	24	static
../Middlewares/ST/netxduo/addons/dhcp/nxd_dhcp_client.c:6383:7:_nx_dhcp_send_request	24	static
../Middlewares/ST/netxduo/addons/dhcp/nxd_dhcp_client.c:6461:7:_nxe_dhcp_interface_send_request	32	static,ignoring_inline_asm
../Middlewares/ST/netxduo/addons/dhcp/nxd_dhcp_client.c:6544:7:_nx_dhcp_interface_send_request	32	static
../Middlewares/ST/netxduo/addons/dhcp/nxd_dhcp_client.c:6669:14:_nx_dhcp_send_request_internal	88	static
../Middlewares/ST/netxduo/addons/dhcp/nxd_dhcp_client.c:7110:14:_nx_dhcp_client_send_with_zero_source_address	104	static
../Middlewares/ST/netxduo/addons/dhcp/nxd_dhcp_client.c:7444:14:_nx_dhcp_extract_information	32	static
../Middlewares/ST/netxduo/addons/dhcp/nxd_dhcp_client.c:7730:14:_nx_dhcp_get_option_value	40	static
../Middlewares/ST/netxduo/addons/dhcp/nxd_dhcp_client.c:7832:7:_nx_dhcp_add_option_value	24	static
../Middlewares/ST/netxduo/addons/dhcp/nxd_dhcp_client.c:7897:14:_nx_dhcp_add_option_string	24	static
../Middlewares/ST/netxduo/addons/dhcp/nxd_dhcp_client.c:7958:14:_nx_dhcp_add_option_parameter_request	24	static
../Middlewares/ST/netxduo/addons/dhcp/nxd_dhcp_client.c:8026:14:_nx_dhcp_add_randomize	24	static
../Middlewares/ST/netxduo/addons/dhcp/nxd_dhcp_client.c:8100:14:_nx_dhcp_update_timeout	16	static
../Middlewares/ST/netxduo/addons/dhcp/nxd_dhcp_client.c:8165:14:_nx_dhcp_update_renewal_timeout	16	static
../Middlewares/ST/netxduo/addons/dhcp/nxd_dhcp_client.c:8246:16:_nx_dhcp_search_buffer	40	static
../Middlewares/ST/netxduo/addons/dhcp/nxd_dhcp_client.c:8346:15:_nx_dhcp_get_data	24	static
../Middlewares/ST/netxduo/addons/dhcp/nxd_dhcp_client.c:8410:14:_nx_dhcp_store_data	24	static
../Middlewares/ST/netxduo/addons/dhcp/nxd_dhcp_client.c:8488:14:_nx_dhcp_move_string	24	static
../Middlewares/ST/netxduo/addons/dhcp/nxd_dhcp_client.c:8544:6:_nxe_dhcp_server_address_get	24	static,ignoring_inline_asm
../Middlewares/ST/netxduo/addons/dhcp/nxd_dhcp_client.c:8617:6:_nx_dhcp_server_address_get	24	static
../Middlewares/ST/netxduo/addons/dhcp/nxd_dhcp_client.c:8694:6:_nxe_dhcp_interface_server_address_get	32	static,ignoring_inline_asm
../Middlewares/ST/netxduo/addons/dhcp/nxd_dhcp_client.c:8768:6:_nx_dhcp_interface_server_address_get	32	static
../Middlewares/ST/netxduo/addons/dhcp/nxd_dhcp_client.c:8936:6:_nxe_dhcp_set_interface_index	24	static
../Middlewares/ST/netxduo/addons/dhcp/nxd_dhcp_client.c:9009:6:_nx_dhcp_set_interface_index	24	static
../Middlewares/ST/netxduo/addons/dhcp/nxd_dhcp_client.c:9084:13:_nx_dhcp_interface_record_find	32	static
