../Drivers/CMSIS/Include/core_cm7.h:2229:22:SCB_EnableICache	4	static,ignoring_inline_asm
../Drivers/CMSIS/Include/core_cm7.h:2281:22:SCB_EnableDCache	24	static,ignoring_inline_asm
../Core/Src/main.c:97:5:main	8	static
../Core/Src/main.c:154:6:SystemClock_Config	88	static
../Core/Src/main.c:208:13:MX_ETH_Init	8	static
../Core/Src/main.c:257:13:MX_USART3_UART_Init	8	static
../Core/Src/main.c:292:13:MX_GPIO_Init	56	static
../Core/Src/main.c:317:1:__io_putchar	16	static
../Core/Src/main.c:330:6:MPU_Config	24	static
../Core/Src/main.c:383:6:HAL_TIM_PeriodElapsedCallback	16	static
../Core/Src/main.c:400:6:Error_Handler	8	static
