../Drivers/CMSIS/Include/core_cm7.h:2464:22:SCB_InvalidateDCache_by_Addr	32	static,ignoring_inline_asm
../Drivers/CMSIS/Include/core_cm7.h:2491:22:SCB_CleanDCache_by_Addr	32	static,ignoring_inline_asm
../Middlewares/ST/netxduo/common/drivers/ethernet/nx_stm32_eth_driver.c:142:7:nx_stm32_eth_driver	16	static
../Middlewares/ST/netxduo/common/drivers/ethernet/nx_stm32_eth_driver.c:307:14:_nx_driver_interface_attach	16	static
../Middlewares/ST/netxduo/common/drivers/ethernet/nx_stm32_eth_driver.c:366:14:_nx_driver_initialize	32	static
../Middlewares/ST/netxduo/common/drivers/ethernet/nx_stm32_eth_driver.c:479:14:_nx_driver_enable	136	static
../Middlewares/ST/netxduo/common/drivers/ethernet/nx_stm32_eth_driver.c:622:14:_nx_driver_disable	24	static
../Middlewares/ST/netxduo/common/drivers/ethernet/nx_stm32_eth_driver.c:708:14:_nx_driver_packet_send	32	static
../Middlewares/ST/netxduo/common/drivers/ethernet/nx_stm32_eth_driver.c:875:14:_nx_driver_multicast_join	24	static
../Middlewares/ST/netxduo/common/drivers/ethernet/nx_stm32_eth_driver.c:943:14:_nx_driver_multicast_leave	24	static
../Middlewares/ST/netxduo/common/drivers/ethernet/nx_stm32_eth_driver.c:1010:14:_nx_driver_get_status	24	static
../Middlewares/ST/netxduo/common/drivers/ethernet/nx_stm32_eth_driver.c:1195:14:_nx_driver_deferred_processing	40	static,ignoring_inline_asm
../Middlewares/ST/netxduo/common/drivers/ethernet/nx_stm32_eth_driver.c:1278:13:_nx_driver_transfer_to_netx	24	static
../Middlewares/ST/netxduo/common/drivers/ethernet/nx_stm32_eth_driver.c:1386:14:_nx_driver_hardware_initialize	64	static
../Middlewares/ST/netxduo/common/drivers/ethernet/nx_stm32_eth_driver.c:1504:14:_nx_driver_hardware_enable	16	static
../Middlewares/ST/netxduo/common/drivers/ethernet/nx_stm32_eth_driver.c:1558:14:_nx_driver_hardware_disable	16	static
../Middlewares/ST/netxduo/common/drivers/ethernet/nx_stm32_eth_driver.c:1609:14:_nx_driver_hardware_packet_send	80	static
../Middlewares/ST/netxduo/common/drivers/ethernet/nx_stm32_eth_driver.c:1716:14:_nx_driver_hardware_multicast_join	16	static
../Middlewares/ST/netxduo/common/drivers/ethernet/nx_stm32_eth_driver.c:1772:14:_nx_driver_hardware_multicast_leave	16	static
../Middlewares/ST/netxduo/common/drivers/ethernet/nx_stm32_eth_driver.c:1831:14:_nx_driver_hardware_get_status	24	static
../Middlewares/ST/netxduo/common/drivers/ethernet/nx_stm32_eth_driver.c:1854:6:HAL_ETH_TxFreeCallback	24	static
../Middlewares/ST/netxduo/common/drivers/ethernet/nx_stm32_eth_driver.c:1865:14:_nx_driver_hardware_packet_received	16	static
../Middlewares/ST/netxduo/common/drivers/ethernet/nx_stm32_eth_driver.c:1876:6:HAL_ETH_RxAllocateCallback	24	static
../Middlewares/ST/netxduo/common/drivers/ethernet/nx_stm32_eth_driver.c:1928:6:HAL_ETH_RxLinkCallback	40	static
../Middlewares/ST/netxduo/common/drivers/ethernet/nx_stm32_eth_driver.c:2005:6:HAL_ETH_RxCpltCallback	24	static
../Middlewares/ST/netxduo/common/drivers/ethernet/nx_stm32_eth_driver.c:2020:6:HAL_ETH_TxCpltCallback	24	static
